// Jest Snapshot v1, https://goo.gl/fbAQLP

exports[`Pre renders correctly 1`] = `
<pre
  className="jsx-1898440872 jsx-2149608739 hljs"
  data-testid="Pre"
>
  blockcode
</pre>
`;
